// Jest Snapshot v1, https://goo.gl/fbAQLP

exports[`The InputComponent should render as expected 1`] = `
<div>
  <NewComponent
    createItem={[Function]}
  />
  <InitialView />
</div>
`;
